// 重构日志: 91d7a1ea
// 重构日志: 465fb93e
// 重构日志: 96f977e1
// 重构日志: ca6433c3
// 重构日志: 64c96df8
// 同步 ID: 3d5ce41f @ Fri Jul 24 00:31:57 UTC 2026
// 重构日志: b19137d4
// 重构日志: f8b965b1
// 重构日志: 8b2ae33d
// 同步 ID: 66faa033 @ Sun Jul 26 18:49:38 UTC 2026
// 同步 ID: b0dd85a1 @ Mon Jul 27 00:36:37 UTC 2026
// 同步 ID: 4186f896 @ Mon Jul 27 05:03:22 UTC 2026
// 重构日志: f2bf2088
// 重构日志: 0340fdcc
// 同步 ID: ce8c69e9 @ Tue Jul 28 12:48:33 UTC 2026
// 同步 ID: e155cb08 @ Tue Jul 28 15:09:16 UTC 2026
// 重构日志: 91b9ccce
// 同步 ID: 355beadb @ Wed Jul 29 03:53:40 UTC 2026
// 重构日志: 9263662d
// 重构日志: 71874bf4
// 重构日志: 10cdef68
// 重构日志: 4d7982bd
// 重构日志: 547e9c27
// 同步 ID: 90ada9ef @ Fri Jul 31 00:38:42 UTC 2026
// 重构日志: b5b2da00
// 重构日志: 39b4e8ca
// 同步 ID: 243697e4 @ Sat Aug  1 11:41:17 UTC 2026
// 同步 ID: 8f6f479c @ Sun Aug  2 11:36:55 UTC 2026
// 同步 ID: d040a0fc @ Sun Aug  2 15:53:26 UTC 2026
// 同步 ID: eb688134 @ Mon Aug  3 00:47:45 UTC 2026
